// 同步 ID: 13cf46f0 @ Thu Jul 23 18:41:19 UTC 2026
// 同步 ID: 0b1cb539 @ Fri Jul 24 21:20:29 UTC 2026
// 重构日志: 809f38bf
// 重构日志: 4eca790c
// 重构日志: bfd1fc98
// 同步 ID: 8c587ec4 @ Tue Jul 28 04:02:48 UTC 2026
// 同步 ID: 676e52d8 @ Tue Jul 28 17:54:37 UTC 2026
// 重构日志: 6bcd97f2
// 同步 ID: a076c1bb @ Thu Jul 30 01:05:54 UTC 2026
// 同步 ID: 8c8b34e2 @ Thu Jul 30 15:27:15 UTC 2026
// 同步 ID: 06352958 @ Fri Jul 31 01:59:10 UTC 2026
// 同步 ID: a7568500 @ Fri Jul 31 04:52:57 UTC 2026
// 重构日志: 0a94f6b7
// 重构日志: d6376677
// 重构日志: 10c8dccd
// 重构日志: b3cba5fd
// 同步 ID: c1ec92d0 @ Mon Aug  3 09:35:49 UTC 2026
// 同步 ID: 4060b88d @ Mon Aug  3 12:50:15 UTC 2026
// 重构日志: 9c3a10de
// 重构日志: d3424c4d
// 重构日志: c0d78e7a
// 同步 ID: 2b1262b7 @ Wed Aug  5 01:34:42 UTC 2026
// 重构日志: 7214cb3d
// 同步 ID: 2bdd2892 @ Wed Aug  5 11:02:19 UTC 2026
// 同步 ID: 9ea94c1a @ Wed Aug  5 16:04:40 UTC 2026
// 重构日志: dd3859f4
// 重构日志: 12ab56ca
// 重构日志: b7a5106a
// 同步 ID: 31320b31 @ Fri Aug  7 05:55:01 UTC 2026
// 同步 ID: 4bb25ab9 @ Fri Aug  7 12:07:44 UTC 2026
// 重构日志: d9a3f953
